[backblue.gif]
[fade.gif]
[index.html]
[file/C_/Users/LOIC_MI/Downloads/Mini-projet Optique.html]
[file/C_/Users/LOIC_MI/Downloads/Mini-projet Optique_files/image-20201104033724321.png]
[file/C_/Users/LOIC_MI/Downloads/Mini-projet Optique_files/b3039832bb66f87f7c31b5e82e347955.jpg]
[file/C_/Users/LOIC_MI/Downloads/Mini-projet Optique_files/unnamed.gif]
[i.pinimg.com/originals/b3/03/98/b3039832bb66f87f7c31b5e82e347955.jpg]
[file/C_/Users/LOIC_MI/Downloads/Projet_Optique_Loic_Boyer_76246004.html]
[file/C_/Users/LOIC_MI/Downloads/Mini-projet Optique_files/spectre.png]
[file/C_/Users/LOIC_MI/Downloads/Mini-projet Optique_files/image-20201110173217077.png]
[file/C_/Users/LOIC_MI/Downloads/Mini-projet Optique_files/Prisme 2.JPG]
[file/C_/Users/LOIC_MI/Downloads/Mini-projet Optique_files/Prisme.JPG]
[file/C_/Users/LOIC_MI/Downloads/Mini-projet Optique_files/Light_dispersion_conceptual.gif]
[file/C_/Users/LOIC_MI/Downloads/Mini-projet Optique_files/Limite de resolution.JPG]
[file/C_/Users/LOIC_MI/Downloads/Mini-projet Optique_files/image-20201112130059137.png]
[file/C_/Users/LOIC_MI/Downloads/Mini-projet Optique_files/spectroffmep.gif]
[file/C_/Users/LOIC_MI/Downloads/Mini-projet Optique_files/ftsprinc.gif]
[file/C_/Users/LOIC_MI/Downloads/Mini-projet Optique_files/Michelson.JPG]
[file/C_/Users/LOIC_MI/Downloads/Mini-projet Optique_files/FFT.png]
[file/C_/Users/LOIC_MI/Downloads/Mini-projet Optique_files/SpectreMaison.png]
[file/C_/Users/LOIC_MI/Downloads/Mini-projet Optique_files/FP.png]
[file/C_/Users/LOIC_MI/Downloads/Mini-projet Optique_files/FP3.jpg]
[file/C_/Users/LOIC_MI/Downloads/Mini-projet Optique_files/Fabry_Perot_Inter_Poly.JPG]
[file/C_/Users/LOIC_MI/Downloads/Mini-projet Optique_files/CD1.jpg]
[file/C_/Users/LOIC_MI/Downloads/Mini-projet Optique_files/CD3.jpg]
[file/C_/Users/LOIC_MI/Downloads/Mini-projet Optique_files/CD2.jpg]
[file/C_/Users/LOIC_MI/Downloads/Mini-projet Optique_files/reseau0.jpg]
[file/C_/Users/LOIC_MI/Downloads/Mini-projet Optique_files/reseau1.jpg]
[file/C_/Users/LOIC_MI/Downloads/Mini-projet Optique_files/Boite1.jpg]
[file/C_/Users/LOIC_MI/Downloads/Mini-projet Optique_files/montage2.jpg]
[file/C_/Users/LOIC_MI/Downloads/Mini-projet Optique_files/montage3.jpg]
[file/C_/Users/LOIC_MI/Downloads/Mini-projet Optique_files/montage0.jpg]
[file/C_/Users/LOIC_MI/Downloads/Mini-projet Optique_files/montage4.jpg]
[file/C_/Users/LOIC_MI/Downloads/Mini-projet Optique_files/montage1.jpg]
[file/C_/Users/LOIC_MI/Downloads/Mini-projet Optique_files/FTIR-interferogram.svg]
[file/C_/Users/LOIC_MI/Downloads/Mini-projet Optique_files/Spectre_FLC.JPG]
[file/C_/Users/LOIC_MI/Downloads/Mini-projet Optique_files/image-20201121184446371.png]
[file/C_/Users/LOIC_MI/Downloads/Mini-projet Optique_files/Spectre_Halogene.JPG]
[file/C_/Users/LOIC_MI/Downloads/Mini-projet Optique_files/Spectre_LED.JPG]
[file/C_/Users/LOIC_MI/Downloads/Mini-projet Optique_files/Montage Exp.svg]
[file/C_/Users/LOIC_MI/Downloads/Mini-projet Optique_files/cb=gapi.loaded_1]
[file/C_/Users/LOIC_MI/Downloads/Mini-projet Optique_files/cb=gapi.loaded_0]
[ssl.gstatic.com/images/branding/product/1x/drive_2020q4_32dp.png]
[file/C_/Users/LOIC_MI/Downloads/Mini-projet Optique_files/preview.html]
[file/C_/Users/LOIC_MI/Downloads/Mini-projet Optique_files/css]
[file/C_/Users/LOIC_MI/Downloads/Mini-projet Optique_files/rs=AO0039vRvcWHiBOh-Oc6q3nRrcjMu2M7yw]
[file/C_/Users/LOIC_MI/Downloads/Mini-projet Optique_files/rs=AA2YrTvqJb4fU1b04s4njDEmRjn4z7QgQw]
[file/C_/Users/LOIC_MI/Downloads/Mini-projet Optique_files/rs=AA2YrTuuXJ5SkKjMbt4h_Pp1rGuYIqRIeg]
[file/C_/Users/LOIC_MI/Downloads/Mini-projet Optique_files/unnamed.png]
[file/C_/Users/LOIC_MI/Downloads/Mini-projet Optique_files/m=v]
[file/C_/Users/LOIC_MI/Downloads/Mini-projet Optique_files/Photos_Spectre_LTE.webp]
[file/C_/Users/LOIC_MI/Downloads/Mini-projet Optique_files/proxy.html]
[file/C_/Users/LOIC_MI/Downloads/Mini-projet Optique_files/postmessageRelay.html]
[file/C_/Users/LOIC_MI/Downloads/Mini-projet Optique_files/bscframe.html]
[file/C_/Users/LOIC_MI/Downloads/Mini-projet Optique_files/cb=gapi(1).loaded_0]
[file/C_/Users/LOIC_MI/Downloads/Mini-projet Optique_files/cb=gapi(2).loaded_0]
[file/C_/Users/LOIC_MI/Downloads/Mini-projet Optique_files/gci_91f30755d6a6b787dcc2a4062e6e9824.js]
[file/C_/Users/LOIC_MI/Downloads/Mini-projet Optique_files/Edg/index.html]
[file/C_/Users/LOIC_MI/Downloads/Mini-projet Optique_files/+/index.html]
[file/C_/Users/LOIC_MI/Downloads/Mini-projet Optique_files/TIvfkVsbvRLAgNT86OAix7ICgMj6Fma0-lfJyWVDG3M.js.téléchargé]
[file/C_/Users/LOIC_MI/Downloads/Mini-projet Optique_files/googleapis.proxy.js.téléchargé]
[file/C_/Users/LOIC_MI/Downloads/Mini-projet Optique_files/2231879498-postmessagerelay.js.téléchargé]
[file/C_/Users/LOIC_MI/Downloads/Mini-projet Optique_files/rpc_shindig_random.js.téléchargé]
